ℹ️  CARGO_BUILD_RUSTFLAGS=--remap-path-prefix=/private/tmp/rwa-week4-tools/cargo/registry/src= SOROBAN_SDK_BUILD_SYSTEM_SUPPORTS_SPEC_SHAKING_V2=1 cargo rustc --manifest-path=Cargo.toml --crate-type=cdylib --target=wasm32v1-none --release
 Downloading crates ...
  Downloaded jiff-tzdb-platform v0.1.3
  Downloaded soroban-env-guest v26.1.4
  Downloaded jiff-tzdb v0.1.8
   Compiling proc-macro2 v1.0.107
   Compiling quote v1.0.47
   Compiling unicode-ident v1.0.26
   Compiling serde_core v1.0.229
   Compiling zmij v1.0.23
   Compiling serde v1.0.229
   Compiling serde_json v1.0.151
   Compiling itoa v1.0.18
   Compiling memchr v2.8.3
   Compiling strsim v0.11.1
   Compiling ident_case v1.0.1
   Compiling version_check v0.9.5
   Compiling autocfg v1.5.1
   Compiling generic-array v0.14.9
   Compiling typenum v1.20.1
   Compiling libc v0.2.189
   Compiling schemars v0.8.22
   Compiling dyn-clone v1.0.20
   Compiling cfg-if v1.0.5
   Compiling data-encoding v2.11.1
   Compiling ethnum v1.5.3
   Compiling escape-bytes v0.1.1
   Compiling num-traits v0.2.19
   Compiling semver v1.0.28
   Compiling either v1.18.0
   Compiling itertools v0.13.0
   Compiling thiserror v1.0.69
   Compiling equivalent v1.0.2
   Compiling syn v3.0.6
   Compiling syn v2.0.119
   Compiling hashbrown v0.17.1
   Compiling indexmap v2.14.2
   Compiling block-buffer v0.10.4
   Compiling crypto-common v0.1.6
   Compiling prettyplease v0.2.37
   Compiling digest v0.10.7
   Compiling cpufeatures v0.2.17
   Compiling fnv v1.0.7
   Compiling wasmparser v0.116.1
   Compiling sha2 v0.10.9
   Compiling base64 v0.22.1
   Compiling heapless v0.8.0
   Compiling byteorder v1.5.0
   Compiling num-integer v0.1.47
   Compiling hash32 v0.3.1
   Compiling rustc_version v0.4.1
   Compiling static_assertions v1.1.0
   Compiling stable_deref_trait v1.2.1
   Compiling num-bigint v0.4.8
   Compiling darling_core v0.20.11
   Compiling darling_core v0.24.1
   Compiling macro-string v0.1.4
   Compiling heck v0.5.0
   Compiling cfg_eval v0.1.2
   Compiling thiserror-impl v1.0.69
   Compiling num-derive v0.4.2
   Compiling serde_derive v1.0.229
   Compiling visibility v0.1.1
   Compiling bytes-lit v0.0.5
   Compiling darling_macro v0.20.11
   Compiling darling v0.20.11
   Compiling darling_macro v0.24.1
   Compiling darling v0.24.1
   Compiling serde_with_macros v3.24.0
   Compiling crate-git-revision v0.0.6
   Compiling hex v0.4.3
   Compiling stellar-strkey v0.0.13
   Compiling stellar-xdr v26.0.1
   Compiling soroban-env-common v26.1.4
   Compiling stellar-strkey v0.0.16
   Compiling soroban-sdk v26.1.1
   Compiling serde_with v3.24.0
   Compiling soroban-spec v26.1.1
   Compiling soroban-spec-rust v26.1.1
   Compiling soroban-env-macros v26.1.4
   Compiling soroban-sdk-macros v26.1.1
   Compiling soroban-env-guest v26.1.4
   Compiling rwa-launchpad-dia-3 v0.1.0 (/private/tmp/rwa-week4-work/dia-3)
warning: use of deprecated method `soroban_sdk::events::Events::publish`: use the #[contractevent] macro on a contract event type
   --> src/lib.rs:130:22
    |
130 |         env.events().publish((symbol_short!("mint"),), (to, amount));
    |                      ^^^^^^^
    |
    = note: `#[warn(deprecated)]` on by default

warning: use of deprecated method `soroban_sdk::events::Events::publish`: use the #[contractevent] macro on a contract event type
   --> src/lib.rs:150:14
    |
150 |             .publish((symbol_short!("transfer"),), (from, to, amount));
    |              ^^^^^^^

warning: use of deprecated method `soroban_sdk::events::Events::publish`: use the #[contractevent] macro on a contract event type
   --> src/lib.rs:203:22
    |
203 |         env.events().publish(
    |                      ^^^^^^^

warning: `rwa-launchpad-dia-3` (lib) generated 3 warnings
    Finished `release` profile [optimized] target(s) in 30.28s
ℹ️  Build Summary:
    Wasm File: target/wasm32v1-none/release/rwa_launchpad_dia_3.wasm (7863 bytes optimized (original size was 9289 bytes))
    Wasm Hash: 8f7f3cf251c71672ada47e44a10f7d60b25738e1e7ac9f0663d980ce2cf11570
    Wasm Size: 7863 bytes optimized (original size was 9289 bytes)
    Exported Functions: 9 found
      • balance
      • initialize
      • invest
      • mint
      • pause
      • set_whitelist
      • transfer
      • unpause
      • withdraw
✅ Build Complete

